Agent pid 20105
[main 852c035] hyperparametized the pyrho table to compute optimal  parameters for the demography data to generate recombination rate maps  9022362 run on Mon Jun  2 20:40:13 CEST 2025
 398 files changed, 34267394 insertions(+), 18 deletions(-)
 create mode 100644 PYRHO_COMMIT_001.9022362.err
 create mode 100644 PYRHO_COMMIT_001.9022362.out
 create mode 100644 PYRHO_HYPERPARAM_9022358.err
 rename PYRHO_MAKE_TABLE_8976253.out => PYRHO_HYPERPARAM_9022358.out (100%)
 create mode 100644 PYRHO_HYPERPARAM_9022361.err
 rename PYRHO_MAKE_TABLE_8976693.out => PYRHO_HYPERPARAM_9022361.out (100%)
 create mode 100644 compute_snp_stats_9022385.err
 create mode 100644 compute_snp_stats_9022385.out
 create mode 100644 compute_snp_stats_9022386.err
 rename PYRHO_MAKE_TABLE_8977672.out => compute_snp_stats_9022386.out (100%)
 rename PYRHO_MAKE_TABLE_8976253.err => logs/PYRHO_MAKE_TABLE_8976253.err (100%)
 rename PYRHO_MAKE_TABLE_8977859.out => logs/PYRHO_MAKE_TABLE_8976253.out (100%)
 rename PYRHO_MAKE_TABLE_8976693.err => logs/PYRHO_MAKE_TABLE_8976693.err (100%)
 rename PYRHO_MAKE_TABLE_8978271.out => logs/PYRHO_MAKE_TABLE_8976693.out (100%)
 rename PYRHO_MAKE_TABLE_8977672.err => logs/PYRHO_MAKE_TABLE_8977672.err (100%)
 rename PYRHO_MAKE_TABLE_8982649.err => logs/PYRHO_MAKE_TABLE_8977672.out (100%)
 rename PYRHO_MAKE_TABLE_8977859.err => logs/PYRHO_MAKE_TABLE_8977859.err (100%)
 rename PYRHO_MAKE_TABLE_8982716.out => logs/PYRHO_MAKE_TABLE_8977859.out (100%)
 rename PYRHO_MAKE_TABLE_8978271.err => logs/PYRHO_MAKE_TABLE_8978271.err (100%)
 rename PYRHO_MAKE_TABLE_8982872.out => logs/PYRHO_MAKE_TABLE_8978271.out (100%)
 create mode 100644 logs/PYRHO_MAKE_TABLE_8982649.err
 rename PYRHO_MAKE_TABLE_8982649.out => logs/PYRHO_MAKE_TABLE_8982649.out (100%)
 rename PYRHO_MAKE_TABLE_8982716.err => logs/PYRHO_MAKE_TABLE_8982716.err (100%)
 create mode 100644 logs/PYRHO_MAKE_TABLE_8982716.out
 rename PYRHO_MAKE_TABLE_8982872.err => logs/PYRHO_MAKE_TABLE_8982872.err (100%)
 create mode 100644 logs/PYRHO_MAKE_TABLE_8982872.out
 create mode 100644 population_genomics_stats/output/vcf_stats/snp_density_1000_sorted_chr_1.phased.snpden
 create mode 100644 population_genomics_stats/output/vcf_stats/snp_density_1000_sorted_chr_10.phased.snpden
 create mode 100644 population_genomics_stats/output/vcf_stats/snp_density_1000_sorted_chr_11.phased.snpden
 create mode 100644 population_genomics_stats/output/vcf_stats/snp_density_1000_sorted_chr_12.phased.snpden
 create mode 100644 population_genomics_stats/output/vcf_stats/snp_density_1000_sorted_chr_13.phased.snpden
 create mode 100644 population_genomics_stats/output/vcf_stats/snp_density_1000_sorted_chr_14.phased.snpden
 create mode 100644 population_genomics_stats/output/vcf_stats/snp_density_1000_sorted_chr_15.phased.snpden
 create mode 100644 population_genomics_stats/output/vcf_stats/snp_density_1000_sorted_chr_16.phased.snpden
 create mode 100644 population_genomics_stats/output/vcf_stats/snp_density_1000_sorted_chr_17.phased.snpden
 create mode 100644 population_genomics_stats/output/vcf_stats/snp_density_1000_sorted_chr_18.phased.snpden
 create mode 100644 population_genomics_stats/output/vcf_stats/snp_density_1000_sorted_chr_19.phased.snpden
 create mode 100644 population_genomics_stats/output/vcf_stats/snp_density_1000_sorted_chr_2.phased.snpden
 create mode 100644 population_genomics_stats/output/vcf_stats/snp_density_1000_sorted_chr_20.phased.snpden
 create mode 100644 population_genomics_stats/output/vcf_stats/snp_density_1000_sorted_chr_21.phased.snpden
 create mode 100644 population_genomics_stats/output/vcf_stats/snp_density_1000_sorted_chr_22.phased.snpden
 create mode 100644 population_genomics_stats/output/vcf_stats/snp_density_1000_sorted_chr_23.phased.snpden
 create mode 100644 population_genomics_stats/output/vcf_stats/snp_density_1000_sorted_chr_24.phased.snpden
 create mode 100644 population_genomics_stats/output/vcf_stats/snp_density_1000_sorted_chr_25.phased.snpden
 create mode 100644 population_genomics_stats/output/vcf_stats/snp_density_1000_sorted_chr_26.phased.snpden
 create mode 100644 population_genomics_stats/output/vcf_stats/snp_density_1000_sorted_chr_27.phased.snpden
 create mode 100644 population_genomics_stats/output/vcf_stats/snp_density_1000_sorted_chr_28.phased.snpden
 create mode 100644 population_genomics_stats/output/vcf_stats/snp_density_1000_sorted_chr_29.phased.snpden
 create mode 100644 population_genomics_stats/output/vcf_stats/snp_density_1000_sorted_chr_3.phased.snpden
 create mode 100644 population_genomics_stats/output/vcf_stats/snp_density_1000_sorted_chr_30.phased.snpden
 create mode 100644 population_genomics_stats/output/vcf_stats/snp_density_1000_sorted_chr_31.phased.snpden
 create mode 100644 population_genomics_stats/output/vcf_stats/snp_density_1000_sorted_chr_32.phased.snpden
 create mode 100644 population_genomics_stats/output/vcf_stats/snp_density_1000_sorted_chr_33.phased.snpden
 create mode 100644 population_genomics_stats/output/vcf_stats/snp_density_1000_sorted_chr_4.phased.snpden
 create mode 100644 population_genomics_stats/output/vcf_stats/snp_density_1000_sorted_chr_5.phased.snpden
 create mode 100644 population_genomics_stats/output/vcf_stats/snp_density_1000_sorted_chr_6.phased.snpden
 create mode 100644 population_genomics_stats/output/vcf_stats/snp_density_100_sorted_chr_1.phased.snpden
 create mode 100644 population_genomics_stats/output/vcf_stats/snp_density_100_sorted_chr_10.phased.snpden
 create mode 100644 population_genomics_stats/output/vcf_stats/snp_density_100_sorted_chr_11.phased.snpden
 create mode 100644 population_genomics_stats/output/vcf_stats/snp_density_100_sorted_chr_12.phased.snpden
 create mode 100644 population_genomics_stats/output/vcf_stats/snp_density_100_sorted_chr_13.phased.snpden
 create mode 100644 population_genomics_stats/output/vcf_stats/snp_density_100_sorted_chr_14.phased.snpden
 create mode 100644 population_genomics_stats/output/vcf_stats/snp_density_100_sorted_chr_15.phased.snpden
 create mode 100644 population_genomics_stats/output/vcf_stats/snp_density_100_sorted_chr_16.phased.snpden
 create mode 100644 population_genomics_stats/output/vcf_stats/snp_density_100_sorted_chr_17.phased.snpden
 create mode 100644 population_genomics_stats/output/vcf_stats/snp_density_100_sorted_chr_18.phased.snpden
 create mode 100644 population_genomics_stats/output/vcf_stats/snp_density_100_sorted_chr_19.phased.snpden
 create mode 100644 population_genomics_stats/output/vcf_stats/snp_density_100_sorted_chr_2.phased.snpden
 create mode 100644 population_genomics_stats/output/vcf_stats/snp_density_100_sorted_chr_20.phased.snpden
 create mode 100644 population_genomics_stats/output/vcf_stats/snp_density_100_sorted_chr_21.phased.snpden
 create mode 100644 population_genomics_stats/output/vcf_stats/snp_density_100_sorted_chr_22.phased.snpden
 create mode 100644 population_genomics_stats/output/vcf_stats/snp_density_100_sorted_chr_23.phased.snpden
 create mode 100644 population_genomics_stats/output/vcf_stats/snp_density_100_sorted_chr_24.phased.snpden
 create mode 100644 population_genomics_stats/output/vcf_stats/snp_density_100_sorted_chr_25.phased.snpden
 create mode 100644 population_genomics_stats/output/vcf_stats/snp_density_100_sorted_chr_26.phased.snpden
 create mode 100644 population_genomics_stats/output/vcf_stats/snp_density_100_sorted_chr_27.phased.snpden
 create mode 100644 population_genomics_stats/output/vcf_stats/snp_density_100_sorted_chr_28.phased.snpden
 create mode 100644 population_genomics_stats/output/vcf_stats/snp_density_100_sorted_chr_29.phased.snpden
 create mode 100644 population_genomics_stats/output/vcf_stats/snp_density_100_sorted_chr_3.phased.snpden
 create mode 100644 population_genomics_stats/output/vcf_stats/snp_density_100_sorted_chr_30.phased.snpden
 create mode 100644 population_genomics_stats/output/vcf_stats/snp_density_100_sorted_chr_31.phased.snpden
 create mode 100644 population_genomics_stats/output/vcf_stats/snp_density_100_sorted_chr_32.phased.snpden
 create mode 100644 population_genomics_stats/output/vcf_stats/snp_density_100_sorted_chr_33.phased.snpden
 create mode 100644 population_genomics_stats/output/vcf_stats/snp_density_100_sorted_chr_4.phased.snpden
 create mode 100644 population_genomics_stats/output/vcf_stats/snp_density_100_sorted_chr_5.phased.snpden
 create mode 100644 population_genomics_stats/output/vcf_stats/snp_density_100_sorted_chr_6.phased.snpden
 create mode 100644 population_genomics_stats/output/vcf_stats/snp_density_100_sorted_chr_7.phased.snpden
 create mode 100644 population_genomics_stats/output/vcf_stats/snp_density_5000_sorted_chr_1.phased.snpden
 create mode 100644 population_genomics_stats/output/vcf_stats/snp_density_5000_sorted_chr_10.phased.snpden
 create mode 100644 population_genomics_stats/output/vcf_stats/snp_density_5000_sorted_chr_11.phased.snpden
 create mode 100644 population_genomics_stats/output/vcf_stats/snp_density_5000_sorted_chr_12.phased.snpden
 create mode 100644 population_genomics_stats/output/vcf_stats/snp_density_5000_sorted_chr_13.phased.snpden
 create mode 100644 population_genomics_stats/output/vcf_stats/snp_density_5000_sorted_chr_14.phased.snpden
 create mode 100644 population_genomics_stats/output/vcf_stats/snp_density_5000_sorted_chr_15.phased.snpden
 create mode 100644 population_genomics_stats/output/vcf_stats/snp_density_5000_sorted_chr_16.phased.snpden
 create mode 100644 population_genomics_stats/output/vcf_stats/snp_density_5000_sorted_chr_17.phased.snpden
 create mode 100644 population_genomics_stats/output/vcf_stats/snp_density_5000_sorted_chr_18.phased.snpden
 create mode 100644 population_genomics_stats/output/vcf_stats/snp_density_5000_sorted_chr_19.phased.snpden
 create mode 100644 population_genomics_stats/output/vcf_stats/snp_density_5000_sorted_chr_2.phased.snpden
 create mode 100644 population_genomics_stats/output/vcf_stats/snp_density_5000_sorted_chr_20.phased.snpden
 create mode 100644 population_genomics_stats/output/vcf_stats/snp_density_5000_sorted_chr_21.phased.snpden
 create mode 100644 population_genomics_stats/output/vcf_stats/snp_density_5000_sorted_chr_22.phased.snpden
 create mode 100644 population_genomics_stats/output/vcf_stats/snp_density_5000_sorted_chr_23.phased.snpden
 create mode 100644 population_genomics_stats/output/vcf_stats/snp_density_5000_sorted_chr_24.phased.snpden
 create mode 100644 population_genomics_stats/output/vcf_stats/snp_density_5000_sorted_chr_25.phased.snpden
 create mode 100644 population_genomics_stats/output/vcf_stats/snp_density_5000_sorted_chr_26.phased.snpden
 create mode 100644 population_genomics_stats/output/vcf_stats/snp_density_5000_sorted_chr_27.phased.snpden
 create mode 100644 population_genomics_stats/output/vcf_stats/snp_density_5000_sorted_chr_28.phased.snpden
 create mode 100644 population_genomics_stats/output/vcf_stats/snp_density_5000_sorted_chr_29.phased.snpden
 create mode 100644 population_genomics_stats/output/vcf_stats/snp_density_5000_sorted_chr_3.phased.snpden
 create mode 100644 population_genomics_stats/output/vcf_stats/snp_density_5000_sorted_chr_30.phased.snpden
 create mode 100644 population_genomics_stats/output/vcf_stats/snp_density_5000_sorted_chr_31.phased.snpden
 create mode 100644 population_genomics_stats/output/vcf_stats/snp_density_5000_sorted_chr_32.phased.snpden
 create mode 100644 population_genomics_stats/output/vcf_stats/snp_density_5000_sorted_chr_33.phased.snpden
 create mode 100644 population_genomics_stats/output/vcf_stats/snp_density_5000_sorted_chr_4.phased.snpden
 create mode 100644 population_genomics_stats/output/vcf_stats/snp_density_5000_sorted_chr_5.phased.snpden
 create mode 100644 population_genomics_stats/output/vcf_stats/snp_density_5000_sorted_chr_6.phased.snpden
 create mode 100644 population_genomics_stats/output/vcf_stats/snp_density_500_sorted_chr_1.phased.snpden
 create mode 100644 population_genomics_stats/output/vcf_stats/snp_density_500_sorted_chr_10.phased.snpden
 create mode 100644 population_genomics_stats/output/vcf_stats/snp_density_500_sorted_chr_11.phased.snpden
 create mode 100644 population_genomics_stats/output/vcf_stats/snp_density_500_sorted_chr_12.phased.snpden
 create mode 100644 population_genomics_stats/output/vcf_stats/snp_density_500_sorted_chr_13.phased.snpden
 create mode 100644 population_genomics_stats/output/vcf_stats/snp_density_500_sorted_chr_14.phased.snpden
 create mode 100644 population_genomics_stats/output/vcf_stats/snp_density_500_sorted_chr_15.phased.snpden
 create mode 100644 population_genomics_stats/output/vcf_stats/snp_density_500_sorted_chr_16.phased.snpden
 create mode 100644 population_genomics_stats/output/vcf_stats/snp_density_500_sorted_chr_17.phased.snpden
 create mode 100644 population_genomics_stats/output/vcf_stats/snp_density_500_sorted_chr_18.phased.snpden
 create mode 100644 population_genomics_stats/output/vcf_stats/snp_density_500_sorted_chr_19.phased.snpden
 create mode 100644 population_genomics_stats/output/vcf_stats/snp_density_500_sorted_chr_2.phased.snpden
 create mode 100644 population_genomics_stats/output/vcf_stats/snp_density_500_sorted_chr_20.phased.snpden
 create mode 100644 population_genomics_stats/output/vcf_stats/snp_density_500_sorted_chr_21.phased.snpden
 create mode 100644 population_genomics_stats/output/vcf_stats/snp_density_500_sorted_chr_22.phased.snpden
 create mode 100644 population_genomics_stats/output/vcf_stats/snp_density_500_sorted_chr_23.phased.snpden
 create mode 100644 population_genomics_stats/output/vcf_stats/snp_density_500_sorted_chr_24.phased.snpden
 create mode 100644 population_genomics_stats/output/vcf_stats/snp_density_500_sorted_chr_25.phased.snpden
 create mode 100644 population_genomics_stats/output/vcf_stats/snp_density_500_sorted_chr_26.phased.snpden
 create mode 100644 population_genomics_stats/output/vcf_stats/snp_density_500_sorted_chr_27.phased.snpden
 create mode 100644 population_genomics_stats/output/vcf_stats/snp_density_500_sorted_chr_28.phased.snpden
 create mode 100644 population_genomics_stats/output/vcf_stats/snp_density_500_sorted_chr_29.phased.snpden
 create mode 100644 population_genomics_stats/output/vcf_stats/snp_density_500_sorted_chr_3.phased.snpden
 create mode 100644 population_genomics_stats/output/vcf_stats/snp_density_500_sorted_chr_30.phased.snpden
 create mode 100644 population_genomics_stats/output/vcf_stats/snp_density_500_sorted_chr_31.phased.snpden
 create mode 100644 population_genomics_stats/output/vcf_stats/snp_density_500_sorted_chr_32.phased.snpden
 create mode 100644 population_genomics_stats/output/vcf_stats/snp_density_500_sorted_chr_33.phased.snpden
 create mode 100644 population_genomics_stats/output/vcf_stats/snp_density_500_sorted_chr_4.phased.snpden
 create mode 100644 population_genomics_stats/output/vcf_stats/snp_density_500_sorted_chr_5.phased.snpden
 create mode 100644 population_genomics_stats/output/vcf_stats/snp_density_500_sorted_chr_6.phased.snpden
 create mode 100644 population_genomics_stats/output/vcf_stats/snp_density_500_sorted_chr_7.phased.snpden
 create mode 100644 population_genomics_stats/output/vcf_stats/tajimaD_1000_sorted_chr_1.phased.Tajima.D
 create mode 100644 population_genomics_stats/output/vcf_stats/tajimaD_1000_sorted_chr_10.phased.Tajima.D
 create mode 100644 population_genomics_stats/output/vcf_stats/tajimaD_1000_sorted_chr_11.phased.Tajima.D
 create mode 100644 population_genomics_stats/output/vcf_stats/tajimaD_1000_sorted_chr_12.phased.Tajima.D
 create mode 100644 population_genomics_stats/output/vcf_stats/tajimaD_1000_sorted_chr_13.phased.Tajima.D
 create mode 100644 population_genomics_stats/output/vcf_stats/tajimaD_1000_sorted_chr_14.phased.Tajima.D
 create mode 100644 population_genomics_stats/output/vcf_stats/tajimaD_1000_sorted_chr_15.phased.Tajima.D
 create mode 100644 population_genomics_stats/output/vcf_stats/tajimaD_1000_sorted_chr_16.phased.Tajima.D
 create mode 100644 population_genomics_stats/output/vcf_stats/tajimaD_1000_sorted_chr_17.phased.Tajima.D
 create mode 100644 population_genomics_stats/output/vcf_stats/tajimaD_1000_sorted_chr_18.phased.Tajima.D
 create mode 100644 population_genomics_stats/output/vcf_stats/tajimaD_1000_sorted_chr_19.phased.Tajima.D
 create mode 100644 population_genomics_stats/output/vcf_stats/tajimaD_1000_sorted_chr_2.phased.Tajima.D
 create mode 100644 population_genomics_stats/output/vcf_stats/tajimaD_1000_sorted_chr_20.phased.Tajima.D
 create mode 100644 population_genomics_stats/output/vcf_stats/tajimaD_1000_sorted_chr_21.phased.Tajima.D
 create mode 100644 population_genomics_stats/output/vcf_stats/tajimaD_1000_sorted_chr_22.phased.Tajima.D
 create mode 100644 population_genomics_stats/output/vcf_stats/tajimaD_1000_sorted_chr_23.phased.Tajima.D
 create mode 100644 population_genomics_stats/output/vcf_stats/tajimaD_1000_sorted_chr_24.phased.Tajima.D
 create mode 100644 population_genomics_stats/output/vcf_stats/tajimaD_1000_sorted_chr_25.phased.Tajima.D
 create mode 100644 population_genomics_stats/output/vcf_stats/tajimaD_1000_sorted_chr_26.phased.Tajima.D
 create mode 100644 population_genomics_stats/output/vcf_stats/tajimaD_1000_sorted_chr_27.phased.Tajima.D
 create mode 100644 population_genomics_stats/output/vcf_stats/tajimaD_1000_sorted_chr_28.phased.Tajima.D
 create mode 100644 population_genomics_stats/output/vcf_stats/tajimaD_1000_sorted_chr_29.phased.Tajima.D
 create mode 100644 population_genomics_stats/output/vcf_stats/tajimaD_1000_sorted_chr_3.phased.Tajima.D
 create mode 100644 population_genomics_stats/output/vcf_stats/tajimaD_1000_sorted_chr_30.phased.Tajima.D
 create mode 100644 population_genomics_stats/output/vcf_stats/tajimaD_1000_sorted_chr_31.phased.Tajima.D
 create mode 100644 population_genomics_stats/output/vcf_stats/tajimaD_1000_sorted_chr_32.phased.Tajima.D
 create mode 100644 population_genomics_stats/output/vcf_stats/tajimaD_1000_sorted_chr_33.phased.Tajima.D
 create mode 100644 population_genomics_stats/output/vcf_stats/tajimaD_1000_sorted_chr_4.phased.Tajima.D
 create mode 100644 population_genomics_stats/output/vcf_stats/tajimaD_1000_sorted_chr_5.phased.Tajima.D
 create mode 100644 population_genomics_stats/output/vcf_stats/tajimaD_1000_sorted_chr_6.phased.Tajima.D
 create mode 100644 population_genomics_stats/output/vcf_stats/tajimaD_100_sorted_chr_1.phased.Tajima.D
 create mode 100644 population_genomics_stats/output/vcf_stats/tajimaD_100_sorted_chr_10.phased.Tajima.D
 create mode 100644 population_genomics_stats/output/vcf_stats/tajimaD_100_sorted_chr_11.phased.Tajima.D
 create mode 100644 population_genomics_stats/output/vcf_stats/tajimaD_100_sorted_chr_12.phased.Tajima.D
 create mode 100644 population_genomics_stats/output/vcf_stats/tajimaD_100_sorted_chr_13.phased.Tajima.D
 create mode 100644 population_genomics_stats/output/vcf_stats/tajimaD_100_sorted_chr_14.phased.Tajima.D
 create mode 100644 population_genomics_stats/output/vcf_stats/tajimaD_100_sorted_chr_15.phased.Tajima.D
 create mode 100644 population_genomics_stats/output/vcf_stats/tajimaD_100_sorted_chr_16.phased.Tajima.D
 create mode 100644 population_genomics_stats/output/vcf_stats/tajimaD_100_sorted_chr_17.phased.Tajima.D
 create mode 100644 population_genomics_stats/output/vcf_stats/tajimaD_100_sorted_chr_18.phased.Tajima.D
 create mode 100644 population_genomics_stats/output/vcf_stats/tajimaD_100_sorted_chr_19.phased.Tajima.D
 create mode 100644 population_genomics_stats/output/vcf_stats/tajimaD_100_sorted_chr_2.phased.Tajima.D
 create mode 100644 population_genomics_stats/output/vcf_stats/tajimaD_100_sorted_chr_20.phased.Tajima.D
 create mode 100644 population_genomics_stats/output/vcf_stats/tajimaD_100_sorted_chr_21.phased.Tajima.D
 create mode 100644 population_genomics_stats/output/vcf_stats/tajimaD_100_sorted_chr_22.phased.Tajima.D
 create mode 100644 population_genomics_stats/output/vcf_stats/tajimaD_100_sorted_chr_23.phased.Tajima.D
 create mode 100644 population_genomics_stats/output/vcf_stats/tajimaD_100_sorted_chr_24.phased.Tajima.D
 create mode 100644 population_genomics_stats/output/vcf_stats/tajimaD_100_sorted_chr_25.phased.Tajima.D
 create mode 100644 population_genomics_stats/output/vcf_stats/tajimaD_100_sorted_chr_26.phased.Tajima.D
 create mode 100644 population_genomics_stats/output/vcf_stats/tajimaD_100_sorted_chr_27.phased.Tajima.D
 create mode 100644 population_genomics_stats/output/vcf_stats/tajimaD_100_sorted_chr_28.phased.Tajima.D
 create mode 100644 population_genomics_stats/output/vcf_stats/tajimaD_100_sorted_chr_29.phased.Tajima.D
 create mode 100644 population_genomics_stats/output/vcf_stats/tajimaD_100_sorted_chr_3.phased.Tajima.D
 create mode 100644 population_genomics_stats/output/vcf_stats/tajimaD_100_sorted_chr_30.phased.Tajima.D
 create mode 100644 population_genomics_stats/output/vcf_stats/tajimaD_100_sorted_chr_31.phased.Tajima.D
 create mode 100644 population_genomics_stats/output/vcf_stats/tajimaD_100_sorted_chr_32.phased.Tajima.D
 create mode 100644 population_genomics_stats/output/vcf_stats/tajimaD_100_sorted_chr_33.phased.Tajima.D
 create mode 100644 population_genomics_stats/output/vcf_stats/tajimaD_100_sorted_chr_4.phased.Tajima.D
 create mode 100644 population_genomics_stats/output/vcf_stats/tajimaD_100_sorted_chr_5.phased.Tajima.D
 create mode 100644 population_genomics_stats/output/vcf_stats/tajimaD_100_sorted_chr_6.phased.Tajima.D
 create mode 100644 population_genomics_stats/output/vcf_stats/tajimaD_100_sorted_chr_7.phased.Tajima.D
 create mode 100644 population_genomics_stats/output/vcf_stats/tajimaD_5000_sorted_chr_1.phased.Tajima.D
 create mode 100644 population_genomics_stats/output/vcf_stats/tajimaD_5000_sorted_chr_10.phased.Tajima.D
 create mode 100644 population_genomics_stats/output/vcf_stats/tajimaD_5000_sorted_chr_11.phased.Tajima.D
 create mode 100644 population_genomics_stats/output/vcf_stats/tajimaD_5000_sorted_chr_12.phased.Tajima.D
 create mode 100644 population_genomics_stats/output/vcf_stats/tajimaD_5000_sorted_chr_13.phased.Tajima.D
 create mode 100644 population_genomics_stats/output/vcf_stats/tajimaD_5000_sorted_chr_14.phased.Tajima.D
 create mode 100644 population_genomics_stats/output/vcf_stats/tajimaD_5000_sorted_chr_15.phased.Tajima.D
 create mode 100644 population_genomics_stats/output/vcf_stats/tajimaD_5000_sorted_chr_16.phased.Tajima.D
 create mode 100644 population_genomics_stats/output/vcf_stats/tajimaD_5000_sorted_chr_17.phased.Tajima.D
 create mode 100644 population_genomics_stats/output/vcf_stats/tajimaD_5000_sorted_chr_18.phased.Tajima.D
 create mode 100644 population_genomics_stats/output/vcf_stats/tajimaD_5000_sorted_chr_19.phased.Tajima.D
 create mode 100644 population_genomics_stats/output/vcf_stats/tajimaD_5000_sorted_chr_2.phased.Tajima.D
 create mode 100644 population_genomics_stats/output/vcf_stats/tajimaD_5000_sorted_chr_20.phased.Tajima.D
 create mode 100644 population_genomics_stats/output/vcf_stats/tajimaD_5000_sorted_chr_21.phased.Tajima.D
 create mode 100644 population_genomics_stats/output/vcf_stats/tajimaD_5000_sorted_chr_22.phased.Tajima.D
 create mode 100644 population_genomics_stats/output/vcf_stats/tajimaD_5000_sorted_chr_23.phased.Tajima.D
 create mode 100644 population_genomics_stats/output/vcf_stats/tajimaD_5000_sorted_chr_24.phased.Tajima.D
 create mode 100644 population_genomics_stats/output/vcf_stats/tajimaD_5000_sorted_chr_25.phased.Tajima.D
 create mode 100644 population_genomics_stats/output/vcf_stats/tajimaD_5000_sorted_chr_26.phased.Tajima.D
 create mode 100644 population_genomics_stats/output/vcf_stats/tajimaD_5000_sorted_chr_27.phased.Tajima.D
 create mode 100644 population_genomics_stats/output/vcf_stats/tajimaD_5000_sorted_chr_28.phased.Tajima.D
 create mode 100644 population_genomics_stats/output/vcf_stats/tajimaD_5000_sorted_chr_29.phased.Tajima.D
 create mode 100644 population_genomics_stats/output/vcf_stats/tajimaD_5000_sorted_chr_3.phased.Tajima.D
 create mode 100644 population_genomics_stats/output/vcf_stats/tajimaD_5000_sorted_chr_30.phased.Tajima.D
 create mode 100644 population_genomics_stats/output/vcf_stats/tajimaD_5000_sorted_chr_31.phased.Tajima.D
 create mode 100644 population_genomics_stats/output/vcf_stats/tajimaD_5000_sorted_chr_32.phased.Tajima.D
 create mode 100644 population_genomics_stats/output/vcf_stats/tajimaD_5000_sorted_chr_33.phased.Tajima.D
 create mode 100644 population_genomics_stats/output/vcf_stats/tajimaD_5000_sorted_chr_4.phased.Tajima.D
 create mode 100644 population_genomics_stats/output/vcf_stats/tajimaD_5000_sorted_chr_5.phased.Tajima.D
 create mode 100644 population_genomics_stats/output/vcf_stats/tajimaD_5000_sorted_chr_6.phased.Tajima.D
 create mode 100644 population_genomics_stats/output/vcf_stats/tajimaD_500_sorted_chr_1.phased.Tajima.D
 create mode 100644 population_genomics_stats/output/vcf_stats/tajimaD_500_sorted_chr_10.phased.Tajima.D
 create mode 100644 population_genomics_stats/output/vcf_stats/tajimaD_500_sorted_chr_11.phased.Tajima.D
 create mode 100644 population_genomics_stats/output/vcf_stats/tajimaD_500_sorted_chr_12.phased.Tajima.D
 create mode 100644 population_genomics_stats/output/vcf_stats/tajimaD_500_sorted_chr_13.phased.Tajima.D
 create mode 100644 population_genomics_stats/output/vcf_stats/tajimaD_500_sorted_chr_14.phased.Tajima.D
 create mode 100644 population_genomics_stats/output/vcf_stats/tajimaD_500_sorted_chr_15.phased.Tajima.D
 create mode 100644 population_genomics_stats/output/vcf_stats/tajimaD_500_sorted_chr_16.phased.Tajima.D
 create mode 100644 population_genomics_stats/output/vcf_stats/tajimaD_500_sorted_chr_17.phased.Tajima.D
 create mode 100644 population_genomics_stats/output/vcf_stats/tajimaD_500_sorted_chr_18.phased.Tajima.D
 create mode 100644 population_genomics_stats/output/vcf_stats/tajimaD_500_sorted_chr_19.phased.Tajima.D
 create mode 100644 population_genomics_stats/output/vcf_stats/tajimaD_500_sorted_chr_2.phased.Tajima.D
 create mode 100644 population_genomics_stats/output/vcf_stats/tajimaD_500_sorted_chr_20.phased.Tajima.D
 create mode 100644 population_genomics_stats/output/vcf_stats/tajimaD_500_sorted_chr_21.phased.Tajima.D
 create mode 100644 population_genomics_stats/output/vcf_stats/tajimaD_500_sorted_chr_22.phased.Tajima.D
 create mode 100644 population_genomics_stats/output/vcf_stats/tajimaD_500_sorted_chr_23.phased.Tajima.D
 create mode 100644 population_genomics_stats/output/vcf_stats/tajimaD_500_sorted_chr_24.phased.Tajima.D
 create mode 100644 population_genomics_stats/output/vcf_stats/tajimaD_500_sorted_chr_25.phased.Tajima.D
 create mode 100644 population_genomics_stats/output/vcf_stats/tajimaD_500_sorted_chr_26.phased.Tajima.D
 create mode 100644 population_genomics_stats/output/vcf_stats/tajimaD_500_sorted_chr_27.phased.Tajima.D
 create mode 100644 population_genomics_stats/output/vcf_stats/tajimaD_500_sorted_chr_28.phased.Tajima.D
 create mode 100644 population_genomics_stats/output/vcf_stats/tajimaD_500_sorted_chr_29.phased.Tajima.D
 create mode 100644 population_genomics_stats/output/vcf_stats/tajimaD_500_sorted_chr_3.phased.Tajima.D
 create mode 100644 population_genomics_stats/output/vcf_stats/tajimaD_500_sorted_chr_30.phased.Tajima.D
 create mode 100644 population_genomics_stats/output/vcf_stats/tajimaD_500_sorted_chr_31.phased.Tajima.D
 create mode 100644 population_genomics_stats/output/vcf_stats/tajimaD_500_sorted_chr_32.phased.Tajima.D
 create mode 100644 population_genomics_stats/output/vcf_stats/tajimaD_500_sorted_chr_33.phased.Tajima.D
 create mode 100644 population_genomics_stats/output/vcf_stats/tajimaD_500_sorted_chr_4.phased.Tajima.D
 create mode 100644 population_genomics_stats/output/vcf_stats/tajimaD_500_sorted_chr_5.phased.Tajima.D
 create mode 100644 population_genomics_stats/output/vcf_stats/tajimaD_500_sorted_chr_6.phased.Tajima.D
 create mode 100644 population_genomics_stats/output/vcf_stats/window_pi_1000_sorted_chr_1.phased.windowed.pi
 create mode 100644 population_genomics_stats/output/vcf_stats/window_pi_1000_sorted_chr_10.phased.windowed.pi
 create mode 100644 population_genomics_stats/output/vcf_stats/window_pi_1000_sorted_chr_11.phased.windowed.pi
 create mode 100644 population_genomics_stats/output/vcf_stats/window_pi_1000_sorted_chr_12.phased.windowed.pi
 create mode 100644 population_genomics_stats/output/vcf_stats/window_pi_1000_sorted_chr_13.phased.windowed.pi
 create mode 100644 population_genomics_stats/output/vcf_stats/window_pi_1000_sorted_chr_14.phased.windowed.pi
 create mode 100644 population_genomics_stats/output/vcf_stats/window_pi_1000_sorted_chr_15.phased.windowed.pi
 create mode 100644 population_genomics_stats/output/vcf_stats/window_pi_1000_sorted_chr_16.phased.windowed.pi
 create mode 100644 population_genomics_stats/output/vcf_stats/window_pi_1000_sorted_chr_17.phased.windowed.pi
 create mode 100644 population_genomics_stats/output/vcf_stats/window_pi_1000_sorted_chr_18.phased.windowed.pi
 create mode 100644 population_genomics_stats/output/vcf_stats/window_pi_1000_sorted_chr_19.phased.windowed.pi
 create mode 100644 population_genomics_stats/output/vcf_stats/window_pi_1000_sorted_chr_2.phased.windowed.pi
 create mode 100644 population_genomics_stats/output/vcf_stats/window_pi_1000_sorted_chr_20.phased.windowed.pi
 create mode 100644 population_genomics_stats/output/vcf_stats/window_pi_1000_sorted_chr_21.phased.windowed.pi
 create mode 100644 population_genomics_stats/output/vcf_stats/window_pi_1000_sorted_chr_22.phased.windowed.pi
 create mode 100644 population_genomics_stats/output/vcf_stats/window_pi_1000_sorted_chr_23.phased.windowed.pi
 create mode 100644 population_genomics_stats/output/vcf_stats/window_pi_1000_sorted_chr_24.phased.windowed.pi
 create mode 100644 population_genomics_stats/output/vcf_stats/window_pi_1000_sorted_chr_25.phased.windowed.pi
 create mode 100644 population_genomics_stats/output/vcf_stats/window_pi_1000_sorted_chr_26.phased.windowed.pi
 create mode 100644 population_genomics_stats/output/vcf_stats/window_pi_1000_sorted_chr_27.phased.windowed.pi
 create mode 100644 population_genomics_stats/output/vcf_stats/window_pi_1000_sorted_chr_28.phased.windowed.pi
 create mode 100644 population_genomics_stats/output/vcf_stats/window_pi_1000_sorted_chr_29.phased.windowed.pi
 create mode 100644 population_genomics_stats/output/vcf_stats/window_pi_1000_sorted_chr_3.phased.windowed.pi
 create mode 100644 population_genomics_stats/output/vcf_stats/window_pi_1000_sorted_chr_30.phased.windowed.pi
 create mode 100644 population_genomics_stats/output/vcf_stats/window_pi_1000_sorted_chr_31.phased.windowed.pi
 create mode 100644 population_genomics_stats/output/vcf_stats/window_pi_1000_sorted_chr_32.phased.windowed.pi
 create mode 100644 population_genomics_stats/output/vcf_stats/window_pi_1000_sorted_chr_33.phased.windowed.pi
 create mode 100644 population_genomics_stats/output/vcf_stats/window_pi_1000_sorted_chr_4.phased.windowed.pi
 create mode 100644 population_genomics_stats/output/vcf_stats/window_pi_1000_sorted_chr_5.phased.windowed.pi
 create mode 100644 population_genomics_stats/output/vcf_stats/window_pi_1000_sorted_chr_6.phased.windowed.pi
 create mode 100644 population_genomics_stats/output/vcf_stats/window_pi_100_sorted_chr_1.phased.windowed.pi
 create mode 100644 population_genomics_stats/output/vcf_stats/window_pi_100_sorted_chr_10.phased.windowed.pi
 create mode 100644 population_genomics_stats/output/vcf_stats/window_pi_100_sorted_chr_11.phased.windowed.pi
 create mode 100644 population_genomics_stats/output/vcf_stats/window_pi_100_sorted_chr_12.phased.windowed.pi
 create mode 100644 population_genomics_stats/output/vcf_stats/window_pi_100_sorted_chr_13.phased.windowed.pi
 create mode 100644 population_genomics_stats/output/vcf_stats/window_pi_100_sorted_chr_14.phased.windowed.pi
 create mode 100644 population_genomics_stats/output/vcf_stats/window_pi_100_sorted_chr_15.phased.windowed.pi
 create mode 100644 population_genomics_stats/output/vcf_stats/window_pi_100_sorted_chr_16.phased.windowed.pi
 create mode 100644 population_genomics_stats/output/vcf_stats/window_pi_100_sorted_chr_17.phased.windowed.pi
 create mode 100644 population_genomics_stats/output/vcf_stats/window_pi_100_sorted_chr_18.phased.windowed.pi
 create mode 100644 population_genomics_stats/output/vcf_stats/window_pi_100_sorted_chr_19.phased.windowed.pi
 create mode 100644 population_genomics_stats/output/vcf_stats/window_pi_100_sorted_chr_2.phased.windowed.pi
 create mode 100644 population_genomics_stats/output/vcf_stats/window_pi_100_sorted_chr_20.phased.windowed.pi
 create mode 100644 population_genomics_stats/output/vcf_stats/window_pi_100_sorted_chr_21.phased.windowed.pi
 create mode 100644 population_genomics_stats/output/vcf_stats/window_pi_100_sorted_chr_22.phased.windowed.pi
 create mode 100644 population_genomics_stats/output/vcf_stats/window_pi_100_sorted_chr_23.phased.windowed.pi
 create mode 100644 population_genomics_stats/output/vcf_stats/window_pi_100_sorted_chr_24.phased.windowed.pi
 create mode 100644 population_genomics_stats/output/vcf_stats/window_pi_100_sorted_chr_25.phased.windowed.pi
 create mode 100644 population_genomics_stats/output/vcf_stats/window_pi_100_sorted_chr_26.phased.windowed.pi
 create mode 100644 population_genomics_stats/output/vcf_stats/window_pi_100_sorted_chr_27.phased.windowed.pi
 create mode 100644 population_genomics_stats/output/vcf_stats/window_pi_100_sorted_chr_28.phased.windowed.pi
 create mode 100644 population_genomics_stats/output/vcf_stats/window_pi_100_sorted_chr_29.phased.windowed.pi
 create mode 100644 population_genomics_stats/output/vcf_stats/window_pi_100_sorted_chr_3.phased.windowed.pi
 create mode 100644 population_genomics_stats/output/vcf_stats/window_pi_100_sorted_chr_30.phased.windowed.pi
 create mode 100644 population_genomics_stats/output/vcf_stats/window_pi_100_sorted_chr_31.phased.windowed.pi
 create mode 100644 population_genomics_stats/output/vcf_stats/window_pi_100_sorted_chr_32.phased.windowed.pi
 create mode 100644 population_genomics_stats/output/vcf_stats/window_pi_100_sorted_chr_33.phased.windowed.pi
 create mode 100644 population_genomics_stats/output/vcf_stats/window_pi_100_sorted_chr_4.phased.windowed.pi
 create mode 100644 population_genomics_stats/output/vcf_stats/window_pi_100_sorted_chr_5.phased.windowed.pi
 create mode 100644 population_genomics_stats/output/vcf_stats/window_pi_100_sorted_chr_6.phased.windowed.pi
 create mode 100644 population_genomics_stats/output/vcf_stats/window_pi_100_sorted_chr_7.phased.windowed.pi
 create mode 100644 population_genomics_stats/output/vcf_stats/window_pi_5000_sorted_chr_1.phased.windowed.pi
 create mode 100644 population_genomics_stats/output/vcf_stats/window_pi_5000_sorted_chr_10.phased.windowed.pi
 create mode 100644 population_genomics_stats/output/vcf_stats/window_pi_5000_sorted_chr_11.phased.windowed.pi
 create mode 100644 population_genomics_stats/output/vcf_stats/window_pi_5000_sorted_chr_12.phased.windowed.pi
 create mode 100644 population_genomics_stats/output/vcf_stats/window_pi_5000_sorted_chr_13.phased.windowed.pi
 create mode 100644 population_genomics_stats/output/vcf_stats/window_pi_5000_sorted_chr_14.phased.windowed.pi
 create mode 100644 population_genomics_stats/output/vcf_stats/window_pi_5000_sorted_chr_15.phased.windowed.pi
 create mode 100644 population_genomics_stats/output/vcf_stats/window_pi_5000_sorted_chr_16.phased.windowed.pi
 create mode 100644 population_genomics_stats/output/vcf_stats/window_pi_5000_sorted_chr_17.phased.windowed.pi
 create mode 100644 population_genomics_stats/output/vcf_stats/window_pi_5000_sorted_chr_18.phased.windowed.pi
 create mode 100644 population_genomics_stats/output/vcf_stats/window_pi_5000_sorted_chr_19.phased.windowed.pi
 create mode 100644 population_genomics_stats/output/vcf_stats/window_pi_5000_sorted_chr_2.phased.windowed.pi
 create mode 100644 population_genomics_stats/output/vcf_stats/window_pi_5000_sorted_chr_20.phased.windowed.pi
 create mode 100644 population_genomics_stats/output/vcf_stats/window_pi_5000_sorted_chr_21.phased.windowed.pi
 create mode 100644 population_genomics_stats/output/vcf_stats/window_pi_5000_sorted_chr_22.phased.windowed.pi
 create mode 100644 population_genomics_stats/output/vcf_stats/window_pi_5000_sorted_chr_23.phased.windowed.pi
 create mode 100644 population_genomics_stats/output/vcf_stats/window_pi_5000_sorted_chr_24.phased.windowed.pi
 create mode 100644 population_genomics_stats/output/vcf_stats/window_pi_5000_sorted_chr_25.phased.windowed.pi
 create mode 100644 population_genomics_stats/output/vcf_stats/window_pi_5000_sorted_chr_26.phased.windowed.pi
 create mode 100644 population_genomics_stats/output/vcf_stats/window_pi_5000_sorted_chr_27.phased.windowed.pi
 create mode 100644 population_genomics_stats/output/vcf_stats/window_pi_5000_sorted_chr_28.phased.windowed.pi
 create mode 100644 population_genomics_stats/output/vcf_stats/window_pi_5000_sorted_chr_29.phased.windowed.pi
 create mode 100644 population_genomics_stats/output/vcf_stats/window_pi_5000_sorted_chr_3.phased.windowed.pi
 create mode 100644 population_genomics_stats/output/vcf_stats/window_pi_5000_sorted_chr_30.phased.windowed.pi
 create mode 100644 population_genomics_stats/output/vcf_stats/window_pi_5000_sorted_chr_31.phased.windowed.pi
 create mode 100644 population_genomics_stats/output/vcf_stats/window_pi_5000_sorted_chr_32.phased.windowed.pi
 create mode 100644 population_genomics_stats/output/vcf_stats/window_pi_5000_sorted_chr_33.phased.windowed.pi
 create mode 100644 population_genomics_stats/output/vcf_stats/window_pi_5000_sorted_chr_4.phased.windowed.pi
 create mode 100644 population_genomics_stats/output/vcf_stats/window_pi_5000_sorted_chr_5.phased.windowed.pi
 create mode 100644 population_genomics_stats/output/vcf_stats/window_pi_5000_sorted_chr_6.phased.windowed.pi
 create mode 100644 population_genomics_stats/output/vcf_stats/window_pi_500_sorted_chr_1.phased.windowed.pi
 create mode 100644 population_genomics_stats/output/vcf_stats/window_pi_500_sorted_chr_10.phased.windowed.pi
 create mode 100644 population_genomics_stats/output/vcf_stats/window_pi_500_sorted_chr_11.phased.windowed.pi
 create mode 100644 population_genomics_stats/output/vcf_stats/window_pi_500_sorted_chr_12.phased.windowed.pi
 create mode 100644 population_genomics_stats/output/vcf_stats/window_pi_500_sorted_chr_13.phased.windowed.pi
 create mode 100644 population_genomics_stats/output/vcf_stats/window_pi_500_sorted_chr_14.phased.windowed.pi
 create mode 100644 population_genomics_stats/output/vcf_stats/window_pi_500_sorted_chr_15.phased.windowed.pi
 create mode 100644 population_genomics_stats/output/vcf_stats/window_pi_500_sorted_chr_16.phased.windowed.pi
 create mode 100644 population_genomics_stats/output/vcf_stats/window_pi_500_sorted_chr_17.phased.windowed.pi
 create mode 100644 population_genomics_stats/output/vcf_stats/window_pi_500_sorted_chr_18.phased.windowed.pi
 create mode 100644 population_genomics_stats/output/vcf_stats/window_pi_500_sorted_chr_19.phased.windowed.pi
 create mode 100644 population_genomics_stats/output/vcf_stats/window_pi_500_sorted_chr_2.phased.windowed.pi
 create mode 100644 population_genomics_stats/output/vcf_stats/window_pi_500_sorted_chr_20.phased.windowed.pi
 create mode 100644 population_genomics_stats/output/vcf_stats/window_pi_500_sorted_chr_21.phased.windowed.pi
 create mode 100644 population_genomics_stats/output/vcf_stats/window_pi_500_sorted_chr_22.phased.windowed.pi
 create mode 100644 population_genomics_stats/output/vcf_stats/window_pi_500_sorted_chr_23.phased.windowed.pi
 create mode 100644 population_genomics_stats/output/vcf_stats/window_pi_500_sorted_chr_24.phased.windowed.pi
 create mode 100644 population_genomics_stats/output/vcf_stats/window_pi_500_sorted_chr_25.phased.windowed.pi
 create mode 100644 population_genomics_stats/output/vcf_stats/window_pi_500_sorted_chr_26.phased.windowed.pi
 create mode 100644 population_genomics_stats/output/vcf_stats/window_pi_500_sorted_chr_27.phased.windowed.pi
 create mode 100644 population_genomics_stats/output/vcf_stats/window_pi_500_sorted_chr_28.phased.windowed.pi
 create mode 100644 population_genomics_stats/output/vcf_stats/window_pi_500_sorted_chr_29.phased.windowed.pi
 create mode 100644 population_genomics_stats/output/vcf_stats/window_pi_500_sorted_chr_3.phased.windowed.pi
 create mode 100644 population_genomics_stats/output/vcf_stats/window_pi_500_sorted_chr_30.phased.windowed.pi
 create mode 100644 population_genomics_stats/output/vcf_stats/window_pi_500_sorted_chr_31.phased.windowed.pi
 create mode 100644 population_genomics_stats/output/vcf_stats/window_pi_500_sorted_chr_32.phased.windowed.pi
 create mode 100644 population_genomics_stats/output/vcf_stats/window_pi_500_sorted_chr_33.phased.windowed.pi
 create mode 100644 population_genomics_stats/output/vcf_stats/window_pi_500_sorted_chr_4.phased.windowed.pi
 create mode 100644 population_genomics_stats/output/vcf_stats/window_pi_500_sorted_chr_5.phased.windowed.pi
 create mode 100644 population_genomics_stats/output/vcf_stats/window_pi_500_sorted_chr_6.phased.windowed.pi
 create mode 100644 population_genomics_stats/output/vcf_stats/window_pi_500_sorted_chr_7.phased.windowed.pi
 create mode 100644 recombination_rate_inference/lists/blackcap_n100_hyperparam.txt
 create mode 100644 recombination_rate_inference/lists/hyperparam_blackcap_n100_9022361.log
 create mode 100644 recombination_rate_inference/scripts/hyperparam.sh
